// Jest Snapshot v1, https://goo.gl/fbAQLP

exports[`<TvShowInfo /> unit test should render correctly 1`] = `
<Fragment>
  <Memo() />
  <Memo() />
</Fragment>
`;
