// Jest Snapshot v1, https://goo.gl/fbAQLP

exports[`<ProfileInfoDescription /> unit test renders correctly 1`] = `
<h1
  className="profileInfo__title"
>
  James
</h1>
`;
